// Jest Snapshot v1, https://goo.gl/fbAQLP

exports[`AiService.checkModel AI SDK contract probes language models through generateText: language probe call 1`] = `
{
  "abortSignal": {
    "aborted": false,
  },
  "headers": {
    "user-agent": "ai/6.0.183",
  },
  "prompt": [
    {
      "content": "test",
      "role": "system",
    },
    {
      "content": [
        {
          "text": "hi",
          "type": "text",
        },
      ],
      "role": "user",
    },
  ],
}
`;
